Category: 央视频道, Name: CCTV-1, Total: 8, Valid: 8, Valid Percent: 100.00%, Whitelist: 0, IPv4: 8, IPv6: 0, Min Delay: 421 ms, Max Speed: 0.96 M/s, Avg Speed: 0.61 M/s, Max Resolution: 1920x1080
Category: 央视频道, Name: CCTV-2, Total: 9, Valid: 8, Valid Percent: 88.89%, Whitelist: 0, IPv4: 9, IPv6: 0, Min Delay: 428 ms, Max Speed: 0.97 M/s, Avg Speed: 0.52 M/s, Max Resolution: 1920x1080
Category: 央视频道, Name: CCTV-3, Total: 15, Valid: 14, Valid Percent: 93.33%, Whitelist: 0, IPv4: 15, IPv6: 0, Min Delay: 382 ms, Max Speed: 0.94 M/s, Avg Speed: 0.69 M/s, Max Resolution: 1920x1080
Category: 央视频道, Name: CCTV-4, Total: 9, Valid: 8, Valid Percent: 88.89%, Whitelist: 0, IPv4: 9, IPv6: 0, Min Delay: 385 ms, Max Speed: 0.97 M/s, Avg Speed: 0.78 M/s, Max Resolution: 1920x1080
Category: 央视频道, Name: CCTV-5, Total: 13, Valid: 12, Valid Percent: 92.31%, Whitelist: 0, IPv4: 13, IPv6: 0, Min Delay: 386 ms, Max Speed: 0.95 M/s, Avg Speed: 0.76 M/s, Max Resolution: 1920x1080
Category: 央视频道, Name: CCTV-5+, Total: 12, Valid: 12, Valid Percent: 100.00%, Whitelist: 0, IPv4: 12, IPv6: 0, Min Delay: 56 ms, Max Speed: 78.04 M/s, Avg Speed: 7.02 M/s, Max Resolution: 1920x1080
Category: 央视频道, Name: CCTV-6, Total: 11, Valid: 10, Valid Percent: 90.91%, Whitelist: 0, IPv4: 11, IPv6: 0, Min Delay: 70 ms, Max Speed: 75.47 M/s, Avg Speed: 8.21 M/s, Max Resolution: 1920x1080
Category: 央视频道, Name: CCTV-7, Total: 12, Valid: 11, Valid Percent: 91.67%, Whitelist: 0, IPv4: 12, IPv6: 0, Min Delay: 381 ms, Max Speed: 0.96 M/s, Avg Speed: 0.67 M/s, Max Resolution: 1920x1080
Category: 央视频道, Name: CCTV-8, Total: 10, Valid: 10, Valid Percent: 100.00%, Whitelist: 0, IPv4: 10, IPv6: 0, Min Delay: 378 ms, Max Speed: 0.92 M/s, Avg Speed: 0.69 M/s, Max Resolution: 1920x1080
Category: 央视频道, Name: CCTV-9, Total: 16, Valid: 15, Valid Percent: 93.75%, Whitelist: 0, IPv4: 16, IPv6: 0, Min Delay: 379 ms, Max Speed: 0.97 M/s, Avg Speed: 0.67 M/s, Max Resolution: 1920x1080
Category: 央视频道, Name: CCTV-10, Total: 12, Valid: 11, Valid Percent: 91.67%, Whitelist: 0, IPv4: 12, IPv6: 0, Min Delay: 379 ms, Max Speed: 0.95 M/s, Avg Speed: 0.66 M/s, Max Resolution: 1920x1080
Category: 央视频道, Name: CCTV-11, Total: 11, Valid: 10, Valid Percent: 90.91%, Whitelist: 0, IPv4: 11, IPv6: 0, Min Delay: 382 ms, Max Speed: 0.96 M/s, Avg Speed: 0.75 M/s, Max Resolution: 1920x1080
Category: 央视频道, Name: CCTV-12, Total: 11, Valid: 10, Valid Percent: 90.91%, Whitelist: 0, IPv4: 11, IPv6: 0, Min Delay: 379 ms, Max Speed: 0.96 M/s, Avg Speed: 0.71 M/s, Max Resolution: 1920x1080
Category: 央视频道, Name: CCTV-13, Total: 13, Valid: 12, Valid Percent: 92.31%, Whitelist: 0, IPv4: 13, IPv6: 0, Min Delay: 83 ms, Max Speed: 67.48 M/s, Avg Speed: 6.28 M/s, Max Resolution: 1920x1080
Category: 央视频道, Name: CCTV-14, Total: 10, Valid: 9, Valid Percent: 90.00%, Whitelist: 0, IPv4: 10, IPv6: 0, Min Delay: 384 ms, Max Speed: 0.95 M/s, Avg Speed: 0.78 M/s, Max Resolution: 1920x1080
Category: 央视频道, Name: CCTV-15, Total: 12, Valid: 11, Valid Percent: 91.67%, Whitelist: 0, IPv4: 12, IPv6: 0, Min Delay: 59 ms, Max Speed: 82.10 M/s, Avg Speed: 8.06 M/s, Max Resolution: 1920x1080
Category: 央视频道, Name: CCTV-16, Total: 7, Valid: 7, Valid Percent: 100.00%, Whitelist: 0, IPv4: 7, IPv6: 0, Min Delay: 66 ms, Max Speed: 78.94 M/s, Avg Speed: 20.96 M/s, Max Resolution: 1920x1080
Category: 央视频道, Name: CCTV-17, Total: 17, Valid: 16, Valid Percent: 94.12%, Whitelist: 0, IPv4: 17, IPv6: 0, Min Delay: 130 ms, Max Speed: 61.12 M/s, Avg Speed: 4.40 M/s, Max Resolution: 1920x1080
Category: 央视频道, Name: CETV-1, Total: 2, Valid: 2, Valid Percent: 100.00%, Whitelist: 0, IPv4: 2, IPv6: 0, Min Delay: 69 ms, Max Speed: 80.37 M/s, Avg Speed: 47.55 M/s, Max Resolution: 1920x1080
Category: 央视频道, Name: CETV-2, Total: 1, Valid: 1, Valid Percent: 100.00%, Whitelist: 0, IPv4: 1, IPv6: 0, Min Delay: 82 ms, Max Speed: 66.06 M/s, Avg Speed: 66.06 M/s, Max Resolution: 1920x1080
Category: 央视频道, Name: CETV-3, Total: 6, Valid: 6, Valid Percent: 100.00%, Whitelist: 0, IPv4: 6, IPv6: 0, Min Delay: 269 ms, Max Speed: 9.74 M/s, Avg Speed: 7.68 M/s, Max Resolution: 720x576
Category: 央视频道, Name: CETV-4, Total: 5, Valid: 5, Valid Percent: 100.00%, Whitelist: 0, IPv4: 5, IPv6: 0, Min Delay: 103 ms, Max Speed: 53.64 M/s, Avg Speed: 11.45 M/s, Max Resolution: 1920x1080
Category: 央视频道, Name: 老故事, Total: 1, Valid: 1, Valid Percent: 100.00%, Whitelist: 0, IPv4: 1, IPv6: 0, Min Delay: 463 ms, Max Speed: 0.85 M/s, Avg Speed: 0.85 M/s, Max Resolution: 1920x1080
Category: 央视频道, Name: 中学生, Total: 6, Valid: 6, Valid Percent: 100.00%, Whitelist: 0, IPv4: 6, IPv6: 0, Min Delay: 425 ms, Max Speed: 3.17 M/s, Avg Speed: 0.81 M/s, Max Resolution: 1280x720
Category: 央视频道, Name: 法治天地, Total: 1, Valid: 1, Valid Percent: 100.00%, Whitelist: 0, IPv4: 1, IPv6: 0, Min Delay: 333 ms, Max Speed: 13.98 M/s, Avg Speed: 13.98 M/s, Max Resolution: 1920x1080
Category: 全国卫视, Name: 湖北卫视, Total: 14, Valid: 13, Valid Percent: 92.86%, Whitelist: 0, IPv4: 14, IPv6: 0, Min Delay: 53 ms, Max Speed: 90.88 M/s, Avg Speed: 7.69 M/s, Max Resolution: 1920x1080
Category: 全国卫视, Name: 湖南卫视, Total: 14, Valid: 13, Valid Percent: 92.86%, Whitelist: 0, IPv4: 14, IPv6: 0, Min Delay: 67 ms, Max Speed: 1.29 M/s, Avg Speed: 0.72 M/s, Max Resolution: 1920x1080
Category: 全国卫视, Name: 北京卫视, Total: 14, Valid: 14, Valid Percent: 100.00%, Whitelist: 0, IPv4: 14, IPv6: 0, Min Delay: 63 ms, Max Speed: 84.43 M/s, Avg Speed: 6.83 M/s, Max Resolution: 3840x2160
Category: 全国卫视, Name: 浙江卫视, Total: 21, Valid: 20, Valid Percent: 95.24%, Whitelist: 0, IPv4: 21, IPv6: 0, Min Delay: 63 ms, Max Speed: 52.83 M/s, Avg Speed: 3.29 M/s, Max Resolution: 1920x1080
Category: 全国卫视, Name: 山东卫视, Total: 15, Valid: 14, Valid Percent: 93.33%, Whitelist: 0, IPv4: 15, IPv6: 0, Min Delay: 64 ms, Max Speed: 78.49 M/s, Avg Speed: 6.33 M/s, Max Resolution: 1920x1080
Category: 全国卫视, Name: 天津卫视, Total: 10, Valid: 9, Valid Percent: 90.00%, Whitelist: 0, IPv4: 10, IPv6: 0, Min Delay: 381 ms, Max Speed: 0.97 M/s, Avg Speed: 0.78 M/s, Max Resolution: 1920x1080
Category: 全国卫视, Name: 深圳卫视, Total: 14, Valid: 13, Valid Percent: 92.86%, Whitelist: 0, IPv4: 14, IPv6: 0, Min Delay: 384 ms, Max Speed: 1.00 M/s, Avg Speed: 0.76 M/s, Max Resolution: 1920x1080
Category: 全国卫视, Name: 重庆卫视, Total: 15, Valid: 15, Valid Percent: 100.00%, Whitelist: 0, IPv4: 15, IPv6: 0, Min Delay: 381 ms, Max Speed: 0.96 M/s, Avg Speed: 0.73 M/s, Max Resolution: 1920x1080
Category: 全国卫视, Name: 东方卫视, Total: 12, Valid: 11, Valid Percent: 91.67%, Whitelist: 0, IPv4: 12, IPv6: 0, Min Delay: 386 ms, Max Speed: 0.96 M/s, Avg Speed: 0.72 M/s, Max Resolution: 1920x1080
Category: 全国卫视, Name: 安徽卫视, Total: 15, Valid: 14, Valid Percent: 93.33%, Whitelist: 0, IPv4: 15, IPv6: 0, Min Delay: 56 ms, Max Speed: 91.50 M/s, Avg Speed: 7.21 M/s, Max Resolution: 1920x1080
Category: 全国卫视, Name: 东南卫视, Total: 15, Valid: 14, Valid Percent: 93.33%, Whitelist: 0, IPv4: 15, IPv6: 0, Min Delay: 64 ms, Max Speed: 62.30 M/s, Avg Speed: 5.16 M/s, Max Resolution: 1920x1080
Category: 全国卫视, Name: 广东卫视, Total: 15, Valid: 14, Valid Percent: 93.33%, Whitelist: 0, IPv4: 15, IPv6: 0, Min Delay: 64 ms, Max Speed: 80.27 M/s, Avg Speed: 6.33 M/s, Max Resolution: 1920x1080
Category: 全国卫视, Name: 贵州卫视, Total: 14, Valid: 13, Valid Percent: 92.86%, Whitelist: 0, IPv4: 14, IPv6: 0, Min Delay: 65 ms, Max Speed: 63.12 M/s, Avg Speed: 5.57 M/s, Max Resolution: 1920x1080
Category: 全国卫视, Name: 河北卫视, Total: 15, Valid: 14, Valid Percent: 93.33%, Whitelist: 0, IPv4: 15, IPv6: 0, Min Delay: 93 ms, Max Speed: 61.55 M/s, Avg Speed: 5.13 M/s, Max Resolution: 1920x1080
Category: 全国卫视, Name: 黑龙江卫视, Total: 16, Valid: 16, Valid Percent: 100.00%, Whitelist: 0, IPv4: 16, IPv6: 0, Min Delay: 108 ms, Max Speed: 49.77 M/s, Avg Speed: 3.92 M/s, Max Resolution: 1920x1080
Category: 全国卫视, Name: 吉林卫视, Total: 13, Valid: 12, Valid Percent: 92.31%, Whitelist: 0, IPv4: 13, IPv6: 0, Min Delay: 379 ms, Max Speed: 0.96 M/s, Avg Speed: 0.85 M/s, Max Resolution: 1920x1080
Category: 全国卫视, Name: 江苏卫视, Total: 13, Valid: 12, Valid Percent: 92.31%, Whitelist: 0, IPv4: 13, IPv6: 0, Min Delay: 61 ms, Max Speed: 88.08 M/s, Avg Speed: 8.10 M/s, Max Resolution: 1920x1080
Category: 全国卫视, Name: 江西卫视, Total: 12, Valid: 12, Valid Percent: 100.00%, Whitelist: 0, IPv4: 12, IPv6: 0, Min Delay: 120 ms, Max Speed: 62.64 M/s, Avg Speed: 5.81 M/s, Max Resolution: 1920x1080
Category: 全国卫视, Name: 辽宁卫视, Total: 15, Valid: 14, Valid Percent: 93.33%, Whitelist: 0, IPv4: 15, IPv6: 0, Min Delay: 379 ms, Max Speed: 0.96 M/s, Avg Speed: 0.72 M/s, Max Resolution: 1920x1080
Category: 全国卫视, Name: 大湾区卫视, Total: 1, Valid: 1, Valid Percent: 100.00%, Whitelist: 0, IPv4: 1, IPv6: 0, Min Delay: 365 ms, Max Speed: 14.74 M/s, Avg Speed: 14.74 M/s, Max Resolution: 1920x1080
Category: 全国卫视, Name: 云南卫视, Total: 11, Valid: 11, Valid Percent: 100.00%, Whitelist: 0, IPv4: 11, IPv6: 0, Min Delay: 51 ms, Max Speed: 97.48 M/s, Avg Speed: 9.30 M/s, Max Resolution: 1920x1080
Category: 全国卫视, Name: 河南卫视, Total: 11, Valid: 11, Valid Percent: 100.00%, Whitelist: 0, IPv4: 11, IPv6: 0, Min Delay: 163 ms, Max Speed: 36.91 M/s, Avg Speed: 3.99 M/s, Max Resolution: 1920x1080
Category: 全国卫视, Name: 广西卫视, Total: 7, Valid: 7, Valid Percent: 100.00%, Whitelist: 0, IPv4: 7, IPv6: 0, Min Delay: 91 ms, Max Speed: 59.36 M/s, Avg Speed: 8.94 M/s, Max Resolution: 1920x1080
Category: 全国卫视, Name: 四川卫视, Total: 9, Valid: 9, Valid Percent: 100.00%, Whitelist: 0, IPv4: 9, IPv6: 0, Min Delay: 130 ms, Max Speed: 56.27 M/s, Avg Speed: 6.70 M/s, Max Resolution: 1920x1080
Category: 全国卫视, Name: 新疆卫视, Total: 5, Valid: 5, Valid Percent: 100.00%, Whitelist: 0, IPv4: 5, IPv6: 0, Min Delay: 117 ms, Max Speed: 64.12 M/s, Avg Speed: 13.46 M/s, Max Resolution: 1920x1080
Category: 全国卫视, Name: 兵团卫视, Total: 1, Valid: 1, Valid Percent: 100.00%, Whitelist: 0, IPv4: 1, IPv6: 0, Min Delay: 704 ms, Max Speed: 0.11 M/s, Avg Speed: 0.11 M/s, Max Resolution: 1920x1080
Category: 全国卫视, Name: 西藏卫视, Total: 7, Valid: 7, Valid Percent: 100.00%, Whitelist: 0, IPv4: 7, IPv6: 0, Min Delay: 68 ms, Max Speed: 101.08 M/s, Avg Speed: 15.09 M/s, Max Resolution: 1920x1080
Category: 全国卫视, Name: 海南卫视, Total: 10, Valid: 10, Valid Percent: 100.00%, Whitelist: 0, IPv4: 10, IPv6: 0, Min Delay: 72 ms, Max Speed: 71.36 M/s, Avg Speed: 7.78 M/s, Max Resolution: 1920x1080
Category: 全国卫视, Name: 三沙卫视, Total: 2, Valid: 2, Valid Percent: 100.00%, Whitelist: 0, IPv4: 2, IPv6: 0, Min Delay: 386 ms, Max Speed: 0.31 M/s, Avg Speed: 0.20 M/s, Max Resolution: 1920x1080
Category: 全国卫视, Name: 农林卫视, Total: 7, Valid: 6, Valid Percent: 85.71%, Whitelist: 0, IPv4: 7, IPv6: 0, Min Delay: 289 ms, Max Speed: 10.31 M/s, Avg Speed: 2.13 M/s, Max Resolution: 1280x720
Category: 全国卫视, Name: 内蒙古卫视, Total: 3, Valid: 3, Valid Percent: 100.00%, Whitelist: 0, IPv4: 3, IPv6: 0, Min Delay: 74 ms, Max Speed: 70.62 M/s, Avg Speed: 23.75 M/s, Max Resolution: 1920x1080
Category: 全国卫视, Name: 厦门卫视, Total: 1, Valid: 1, Valid Percent: 100.00%, Whitelist: 0, IPv4: 1, IPv6: 0, Min Delay: 9602 ms, Max Speed: 0.11 M/s, Avg Speed: 0.11 M/s, Max Resolution: 1920x1080
Category: 全国卫视, Name: 宁夏卫视, Total: 8, Valid: 8, Valid Percent: 100.00%, Whitelist: 0, IPv4: 8, IPv6: 0, Min Delay: 113 ms, Max Speed: 61.47 M/s, Avg Speed: 8.40 M/s, Max Resolution: 1920x1080
Category: 全国卫视, Name: 甘肃卫视, Total: 11, Valid: 11, Valid Percent: 100.00%, Whitelist: 0, IPv4: 11, IPv6: 0, Min Delay: 349 ms, Max Speed: 13.07 M/s, Avg Speed: 1.94 M/s, Max Resolution: 1920x1080
Category: 全国卫视, Name: 青海卫视, Total: 7, Valid: 7, Valid Percent: 100.00%, Whitelist: 0, IPv4: 7, IPv6: 0, Min Delay: 67 ms, Max Speed: 75.53 M/s, Avg Speed: 11.22 M/s, Max Resolution: 1920x1080
Category: 全国卫视, Name: 山西卫视, Total: 5, Valid: 5, Valid Percent: 100.00%, Whitelist: 0, IPv4: 5, IPv6: 0, Min Delay: 72 ms, Max Speed: 73.74 M/s, Avg Speed: 15.16 M/s, Max Resolution: 1920x1080
Category: 全国卫视, Name: 陕西卫视, Total: 6, Valid: 6, Valid Percent: 100.00%, Whitelist: 0, IPv4: 6, IPv6: 0, Min Delay: 181 ms, Max Speed: 40.93 M/s, Avg Speed: 7.15 M/s, Max Resolution: 1920x1080
Category: 全国卫视, Name: 海峡卫视, Total: 1, Valid: 1, Valid Percent: 100.00%, Whitelist: 0, IPv4: 1, IPv6: 0, Min Delay: 912 ms, Max Speed: 0.24 M/s, Avg Speed: 0.24 M/s, Max Resolution: 1920x1080
Category: 全国卫视, Name: 延边卫视, Total: 1, Valid: 1, Valid Percent: 100.00%, Whitelist: 0, IPv4: 1, IPv6: 0, Min Delay: 82 ms, Max Speed: 1.22 M/s, Avg Speed: 1.22 M/s, Max Resolution: None
Category: 全国卫视, Name: 康巴卫视, Total: 1, Valid: 1, Valid Percent: 100.00%, Whitelist: 0, IPv4: 1, IPv6: 0, Min Delay: 9601 ms, Max Speed: 0.11 M/s, Avg Speed: 0.11 M/s, Max Resolution: 1920x1080
Category: 全国卫视, Name: 安多卫视, Total: 13, Valid: 2, Valid Percent: 15.38%, Whitelist: 0, IPv4: 13, IPv6: 0, Min Delay: 9066 ms, Max Speed: 0.98 M/s, Avg Speed: 0.49 M/s, Max Resolution: 1920x1080
Category: 全国卫视, Name: 人间卫视, Total: 2, Valid: 2, Valid Percent: 100.00%, Whitelist: 0, IPv4: 2, IPv6: 0, Min Delay: 5254 ms, Max Speed: 0.30 M/s, Avg Speed: 0.29 M/s, Max Resolution: 1280x720
Category: 全国卫视, Name: 凤凰卫视, Total: 1, Valid: 1, Valid Percent: 100.00%, Whitelist: 0, IPv4: 1, IPv6: 0, Min Delay: 65 ms, Max Speed: 76.58 M/s, Avg Speed: 76.58 M/s, Max Resolution: 1920x1080
Category: 全国卫视, Name: 南方卫视, Total: 1, Valid: 1, Valid Percent: 100.00%, Whitelist: 0, IPv4: 1, IPv6: 0, Min Delay: 8822 ms, Max Speed: 0.62 M/s, Avg Speed: 0.62 M/s, Max Resolution: 1920x1080
Category: 全国卫视, Name: 山东教育卫视, Total: 1, Valid: 1, Valid Percent: 100.00%, Whitelist: 0, IPv4: 1, IPv6: 0, Min Delay: 2953 ms, Max Speed: 2.02 M/s, Avg Speed: 2.02 M/s, Max Resolution: 1920x1080
Category: 全国卫视, Name: 莲花卫视, Total: 1, Valid: 1, Valid Percent: 100.00%, Whitelist: 0, IPv4: 1, IPv6: 0, Min Delay: 352 ms, Max Speed: 2.36 M/s, Avg Speed: 2.36 M/s, Max Resolution: 1280x720
Category: 全国卫视, Name: 魅力时尚, Total: 1, Valid: 1, Valid Percent: 100.00%, Whitelist: 0, IPv4: 1, IPv6: 0, Min Delay: 10256 ms, Max Speed: 0.04 M/s, Avg Speed: 0.04 M/s, Max Resolution: 1920x1080
Category: 全国卫视, Name: 山东教育, Total: 1, Valid: 1, Valid Percent: 100.00%, Whitelist: 0, IPv4: 1, IPv6: 0, Min Delay: 281 ms, Max Speed: 6.92 M/s, Avg Speed: 6.92 M/s, Max Resolution: 1920x1080
Category: 全国卫视, Name: 黑龙江影视, Total: 2, Valid: 2, Valid Percent: 100.00%, Whitelist: 0, IPv4: 2, IPv6: 0, Min Delay: 4503 ms, Max Speed: 0.79 M/s, Avg Speed: 0.58 M/s, Max Resolution: 720x576
Category: 全国卫视, Name: 黑龙江新闻法治, Total: 2, Valid: 2, Valid Percent: 100.00%, Whitelist: 0, IPv4: 2, IPv6: 0, Min Delay: 5891 ms, Max Speed: 0.51 M/s, Avg Speed: 0.46 M/s, Max Resolution: 720x576
Category: 全国卫视, Name: 黑龙江文体, Total: 2, Valid: 2, Valid Percent: 100.00%, Whitelist: 0, IPv4: 2, IPv6: 0, Min Delay: 6383 ms, Max Speed: 0.55 M/s, Avg Speed: 0.51 M/s, Max Resolution: 720x576
Category: 全国卫视, Name: 黑龙江都市, Total: 2, Valid: 2, Valid Percent: 100.00%, Whitelist: 0, IPv4: 2, IPv6: 0, Min Delay: 5659 ms, Max Speed: 0.65 M/s, Avg Speed: 0.58 M/s, Max Resolution: 720x576
Category: 全国卫视, Name: 黑龙江少儿, Total: 2, Valid: 2, Valid Percent: 100.00%, Whitelist: 0, IPv4: 2, IPv6: 0, Min Delay: 6074 ms, Max Speed: 0.60 M/s, Avg Speed: 0.55 M/s, Max Resolution: 720x576
Category: 全国卫视, Name: 哈尔滨综合, Total: 1, Valid: 1, Valid Percent: 100.00%, Whitelist: 0, IPv4: 1, IPv6: 0, Min Delay: 2814 ms, Max Speed: 0.19 M/s, Avg Speed: 0.19 M/s, Max Resolution: 640x480
Category: 全国卫视, Name: 哈尔滨影视, Total: 2, Valid: 2, Valid Percent: 100.00%, Whitelist: 0, IPv4: 2, IPv6: 0, Min Delay: 2554 ms, Max Speed: 0.19 M/s, Avg Speed: 0.15 M/s, Max Resolution: 640x480
Category: 全国卫视, Name: 哈尔滨生活, Total: 2, Valid: 2, Valid Percent: 100.00%, Whitelist: 0, IPv4: 2, IPv6: 0, Min Delay: 2448 ms, Max Speed: 0.18 M/s, Avg Speed: 0.18 M/s, Max Resolution: 640x480
Category: 全国卫视, Name: 上海新闻综合, Total: 2, Valid: 2, Valid Percent: 100.00%, Whitelist: 0, IPv4: 2, IPv6: 0, Min Delay: 82 ms, Max Speed: 64.54 M/s, Avg Speed: 32.71 M/s, Max Resolution: 1920x1080
Category: 全国卫视, Name: 上海第一财经, Total: 2, Valid: 2, Valid Percent: 100.00%, Whitelist: 0, IPv4: 2, IPv6: 0, Min Delay: 73 ms, Max Speed: 1.40 M/s, Avg Speed: 1.28 M/s, Max Resolution: None
Category: 全国卫视, Name: 江苏国际, Total: 1, Valid: 0, Valid Percent: 0.00%, Whitelist: 0, IPv4: 1, IPv6: 0, Min Delay: 5236 ms, Max Speed: 0.00 M/s, Avg Speed: 0.00 M/s, Max Resolution: 1280x720
Category: 全国卫视, Name: 江苏教育, Total: 2, Valid: 1, Valid Percent: 50.00%, Whitelist: 0, IPv4: 2, IPv6: 0, Min Delay: 1976 ms, Max Speed: 0.68 M/s, Avg Speed: 0.68 M/s, Max Resolution: 1920x1080
Category: 全国卫视, Name: 连云港新闻综合, Total: 1, Valid: 1, Valid Percent: 100.00%, Whitelist: 0, IPv4: 1, IPv6: 0, Min Delay: 1795 ms, Max Speed: 0.57 M/s, Avg Speed: 0.57 M/s, Max Resolution: 854x480
Category: 全国卫视, Name: 徐州新闻综合, Total: 1, Valid: 1, Valid Percent: 100.00%, Whitelist: 0, IPv4: 1, IPv6: 0, Min Delay: 2807 ms, Max Speed: 0.33 M/s, Avg Speed: 0.33 M/s, Max Resolution: None
Category: 全国卫视, Name: 优漫卡通频道, Total: 1, Valid: 1, Valid Percent: 100.00%, Whitelist: 0, IPv4: 1, IPv6: 0, Min Delay: 68 ms, Max Speed: 79.39 M/s, Avg Speed: 79.39 M/s, Max Resolution: 1920x1080
Category: 儿童专享, Name: 卡酷少儿, Total: 6, Valid: 6, Valid Percent: 100.00%, Whitelist: 0, IPv4: 6, IPv6: 0, Min Delay: 93 ms, Max Speed: 58.63 M/s, Avg Speed: 10.23 M/s, Max Resolution: 1920x1080
Category: 儿童专享, Name: 哈哈炫动, Total: 1, Valid: 1, Valid Percent: 100.00%, Whitelist: 0, IPv4: 1, IPv6: 0, Min Delay: 69 ms, Max Speed: 65.31 M/s, Avg Speed: 65.31 M/s, Max Resolution: 1920x1080
Category: 儿童专享, Name: 金鹰卡通, Total: 1, Valid: 1, Valid Percent: 100.00%, Whitelist: 0, IPv4: 1, IPv6: 0, Min Delay: 59 ms, Max Speed: 87.52 M/s, Avg Speed: 87.52 M/s, Max Resolution: 1920x1080
Category: 儿童专享, Name: 嘉佳卡通, Total: 2, Valid: 2, Valid Percent: 100.00%, Whitelist: 0, IPv4: 2, IPv6: 0, Min Delay: 448 ms, Max Speed: 0.93 M/s, Avg Speed: 0.92 M/s, Max Resolution: 1920x1080
Category: 儿童专享, Name: 广东少儿, Total: 2, Valid: 2, Valid Percent: 100.00%, Whitelist: 0, IPv4: 2, IPv6: 0, Min Delay: 464 ms, Max Speed: 1.09 M/s, Avg Speed: 1.00 M/s, Max Resolution: 1920x1080
Category: 儿童专享, Name: 动漫秀场, Total: 1, Valid: 1, Valid Percent: 100.00%, Whitelist: 0, IPv4: 1, IPv6: 0, Min Delay: 654 ms, Max Speed: 0.88 M/s, Avg Speed: 0.88 M/s, Max Resolution: 1920x1080
Category: 儿童专享, Name: 黑莓动画, Total: 1, Valid: 1, Valid Percent: 100.00%, Whitelist: 0, IPv4: 1, IPv6: 0, Min Delay: 63 ms, Max Speed: 81.07 M/s, Avg Speed: 81.07 M/s, Max Resolution: 1920x1080
Category: 儿童专享, Name: 乐游频道, Total: 1, Valid: 1, Valid Percent: 100.00%, Whitelist: 0, IPv4: 1, IPv6: 0, Min Delay: 10091 ms, Max Speed: 0.06 M/s, Avg Speed: 0.06 M/s, Max Resolution: 1920x1080
Category: 儿童专享, Name: 新动漫, Total: 1, Valid: 1, Valid Percent: 100.00%, Whitelist: 0, IPv4: 1, IPv6: 0, Min Delay: 74 ms, Max Speed: 67.53 M/s, Avg Speed: 67.53 M/s, Max Resolution: 1920x1080
Category: 儿童专享, Name: 金色学堂, Total: 1, Valid: 1, Valid Percent: 100.00%, Whitelist: 0, IPv4: 1, IPv6: 0, Min Delay: 10871 ms, Max Speed: 0.05 M/s, Avg Speed: 0.05 M/s, Max Resolution: 1920x1080
Category: 儿童专享, Name: 海南少儿, Total: 2, Valid: 2, Valid Percent: 100.00%, Whitelist: 0, IPv4: 2, IPv6: 0, Min Delay: 1773 ms, Max Speed: 0.38 M/s, Avg Speed: 0.35 M/s, Max Resolution: 1280x720
Category: 儿童专享, Name: ZooMoo, Total: 1, Valid: 1, Valid Percent: 100.00%, Whitelist: 0, IPv4: 1, IPv6: 0, Min Delay: 291 ms, Max Speed: 13.16 M/s, Avg Speed: 13.16 M/s, Max Resolution: 640x360
Category: 儿童专享, Name: 乐游, Total: 9, Valid: 9, Valid Percent: 100.00%, Whitelist: 0, IPv4: 9, IPv6: 0, Min Delay: 494 ms, Max Speed: 0.90 M/s, Avg Speed: 0.50 M/s, Max Resolution: 1920x1080
Category: 数字电视, Name: CHC家庭影院, Total: 5, Valid: 5, Valid Percent: 100.00%, Whitelist: 0, IPv4: 5, IPv6: 0, Min Delay: 457 ms, Max Speed: 4.32 M/s, Avg Speed: 1.43 M/s, Max Resolution: 1920x1080
Category: 数字电视, Name: CHC动作电影, Total: 13, Valid: 12, Valid Percent: 92.31%, Whitelist: 0, IPv4: 13, IPv6: 0, Min Delay: 385 ms, Max Speed: 0.94 M/s, Avg Speed: 0.75 M/s, Max Resolution: 1920x1080
Category: 数字电视, Name: CHC影迷电影, Total: 1, Valid: 1, Valid Percent: 100.00%, Whitelist: 0, IPv4: 1, IPv6: 0, Min Delay: 59 ms, Max Speed: 87.36 M/s, Avg Speed: 87.36 M/s, Max Resolution: 1920x1080
Category: 数字电视, Name: 新片放映厅, Total: 1, Valid: 0, Valid Percent: 0.00%, Whitelist: 0, IPv4: 1, IPv6: 0, Min Delay: 232 ms, Max Speed: 0.00 M/s, Avg Speed: 0.00 M/s, Max Resolution: None
Category: 数字电视, Name: 欢笑剧场, Total: 1, Valid: 1, Valid Percent: 100.00%, Whitelist: 0, IPv4: 1, IPv6: 0, Min Delay: 60 ms, Max Speed: 75.98 M/s, Avg Speed: 75.98 M/s, Max Resolution: 1920x1080
Category: 数字电视, Name: 财富天下, Total: 3, Valid: 2, Valid Percent: 66.67%, Whitelist: 0, IPv4: 3, IPv6: 0, Min Delay: 890 ms, Max Speed: 0.07 M/s, Avg Speed: 0.06 M/s, Max Resolution: 720x576
Category: 数字电视, Name: CCTV电视指南, Total: 2, Valid: 2, Valid Percent: 100.00%, Whitelist: 0, IPv4: 2, IPv6: 0, Min Delay: 332 ms, Max Speed: 13.21 M/s, Avg Speed: 12.79 M/s, Max Resolution: 1920x1080
Category: 数字电视, Name: 快乐垂钓, Total: 7, Valid: 7, Valid Percent: 100.00%, Whitelist: 0, IPv4: 7, IPv6: 0, Min Delay: 432 ms, Max Speed: 0.95 M/s, Avg Speed: 0.81 M/s, Max Resolution: 1920x1080
Category: 数字电视, Name: 茶频道, Total: 5, Valid: 5, Valid Percent: 100.00%, Whitelist: 0, IPv4: 5, IPv6: 0, Min Delay: 446 ms, Max Speed: 0.95 M/s, Avg Speed: 0.58 M/s, Max Resolution: 1920x1080
Category: 数字电视, Name: 黑莓电影, Total: 1, Valid: 1, Valid Percent: 100.00%, Whitelist: 0, IPv4: 1, IPv6: 0, Min Delay: 75 ms, Max Speed: 59.42 M/s, Avg Speed: 59.42 M/s, Max Resolution: 1920x1080
Category: 数字电视, Name: 广东珠江, Total: 1, Valid: 1, Valid Percent: 100.00%, Whitelist: 0, IPv4: 1, IPv6: 0, Min Delay: 223 ms, Max Speed: 3.87 M/s, Avg Speed: 3.87 M/s, Max Resolution: 1920x1080
Category: 数字电视, Name: 睛彩竞技, Total: 2, Valid: 1, Valid Percent: 50.00%, Whitelist: 0, IPv4: 2, IPv6: 0, Min Delay: 10003 ms, Max Speed: 0.07 M/s, Avg Speed: 0.07 M/s, Max Resolution: 1920x1080
Category: 数字电视, Name: 睛彩篮球, Total: 3, Valid: 3, Valid Percent: 100.00%, Whitelist: 0, IPv4: 3, IPv6: 0, Min Delay: 428 ms, Max Speed: 0.96 M/s, Avg Speed: 0.92 M/s, Max Resolution: 1920x1080
Category: 数字电视, Name: 央广购物, Total: 1, Valid: 0, Valid Percent: 0.00%, Whitelist: 0, IPv4: 1, IPv6: 0, Min Delay: 449 ms, Max Speed: 0.00 M/s, Avg Speed: 0.00 M/s, Max Resolution: None
Category: 数字电视, Name: 书画, Total: 1, Valid: 1, Valid Percent: 100.00%, Whitelist: 0, IPv4: 1, IPv6: 0, Min Delay: 10718 ms, Max Speed: 0.04 M/s, Avg Speed: 0.04 M/s, Max Resolution: 720x576
Category: 数字电视, Name: 优优宝贝, Total: 1, Valid: 1, Valid Percent: 100.00%, Whitelist: 0, IPv4: 1, IPv6: 0, Min Delay: 1163 ms, Max Speed: 0.05 M/s, Avg Speed: 0.05 M/s, Max Resolution: 720x576
Category: 数字电视, Name: 车迷频道, Total: 1, Valid: 0, Valid Percent: 0.00%, Whitelist: 0, IPv4: 1, IPv6: 0, Min Delay: 522 ms, Max Speed: 0.00 M/s, Avg Speed: 0.00 M/s, Max Resolution: None
Category: 数字电视, Name: 四海钓鱼, Total: 1, Valid: 1, Valid Percent: 100.00%, Whitelist: 0, IPv4: 1, IPv6: 0, Min Delay: 694 ms, Max Speed: 0.17 M/s, Avg Speed: 0.17 M/s, Max Resolution: 1920x1080
Category: 数字电视, Name: 家庭理财, Total: 1, Valid: 0, Valid Percent: 0.00%, Whitelist: 0, IPv4: 1, IPv6: 0, Min Delay: 949 ms, Max Speed: 0.00 M/s, Avg Speed: 0.00 M/s, Max Resolution: None
Category: 数字电视, Name: 都市剧场, Total: 3, Valid: 3, Valid Percent: 100.00%, Whitelist: 0, IPv4: 3, IPv6: 0, Min Delay: 319 ms, Max Speed: 14.79 M/s, Avg Speed: 9.83 M/s, Max Resolution: 1920x1080
Category: 数字电视, Name: 新视觉, Total: 1, Valid: 0, Valid Percent: 0.00%, Whitelist: 0, IPv4: 1, IPv6: 0, Min Delay: 10003 ms, Max Speed: 0.00 M/s, Avg Speed: 0.00 M/s, Max Resolution: 1920x1080
Category: 数字电视, Name: 文物宝库, Total: 1, Valid: 1, Valid Percent: 100.00%, Whitelist: 0, IPv4: 1, IPv6: 0, Min Delay: 2107 ms, Max Speed: 0.59 M/s, Avg Speed: 0.59 M/s, Max Resolution: 1920x1080
Category: 数字电视, Name: 汽摩, Total: 2, Valid: 1, Valid Percent: 50.00%, Whitelist: 0, IPv4: 2, IPv6: 0, Min Delay: 10003 ms, Max Speed: 0.06 M/s, Avg Speed: 0.06 M/s, Max Resolution: 720x576
Category: 数字电视, Name: 天元围棋, Total: 1, Valid: 1, Valid Percent: 100.00%, Whitelist: 0, IPv4: 1, IPv6: 0, Min Delay: 433 ms, Max Speed: 0.94 M/s, Avg Speed: 0.94 M/s, Max Resolution: 1920x1080
Category: 数字电视, Name: 现代教育, Total: 2, Valid: 2, Valid Percent: 100.00%, Whitelist: 0, IPv4: 2, IPv6: 0, Min Delay: 10035 ms, Max Speed: 0.19 M/s, Avg Speed: 0.10 M/s, Max Resolution: 1920x1080
Category: 数字电视, Name: 热播剧场, Total: 1, Valid: 1, Valid Percent: 100.00%, Whitelist: 0, IPv4: 1, IPv6: 0, Min Delay: 10232 ms, Max Speed: 0.05 M/s, Avg Speed: 0.05 M/s, Max Resolution: 1920x1080
Category: 数字电视, Name: 中国气象, Total: 1, Valid: 1, Valid Percent: 100.00%, Whitelist: 0, IPv4: 1, IPv6: 0, Min Delay: 457 ms, Max Speed: 0.14 M/s, Avg Speed: 0.14 M/s, Max Resolution: 1920x1080
Category: 网络电视, Name: 爱体育, Total: 1, Valid: 1, Valid Percent: 100.00%, Whitelist: 0, IPv4: 1, IPv6: 0, Min Delay: 424 ms, Max Speed: 0.86 M/s, Avg Speed: 0.86 M/s, Max Resolution: 1920x1080
Category: 网络电视, Name: 动作电影, Total: 1, Valid: 1, Valid Percent: 100.00%, Whitelist: 0, IPv4: 1, IPv6: 0, Min Delay: 58 ms, Max Speed: 88.97 M/s, Avg Speed: 88.97 M/s, Max Resolution: 1920x1080
Category: 网络电视, Name: 欢乐剧场, Total: 1, Valid: 1, Valid Percent: 100.00%, Whitelist: 0, IPv4: 1, IPv6: 0, Min Delay: 352 ms, Max Speed: 2.14 M/s, Avg Speed: 2.14 M/s, Max Resolution: 1920x1080
Category: 网络电视, Name: 惊悚悬疑, Total: 1, Valid: 1, Valid Percent: 100.00%, Whitelist: 0, IPv4: 1, IPv6: 0, Min Delay: 64 ms, Max Speed: 82.02 M/s, Avg Speed: 82.02 M/s, Max Resolution: 1920x1080
Category: 网络电视, Name: 精品体育, Total: 1, Valid: 1, Valid Percent: 100.00%, Whitelist: 0, IPv4: 1, IPv6: 0, Min Delay: 114 ms, Max Speed: 50.96 M/s, Avg Speed: 50.96 M/s, Max Resolution: 1920x1080
Category: 网络电视, Name: 中国功夫, Total: 1, Valid: 1, Valid Percent: 100.00%, Whitelist: 0, IPv4: 1, IPv6: 0, Min Delay: 2356 ms, Max Speed: 0.18 M/s, Avg Speed: 0.18 M/s, Max Resolution: 1280x720
Category: 香港澳门, Name: 凤凰中文, Total: 1, Valid: 0, Valid Percent: 0.00%, Whitelist: 0, IPv4: 1, IPv6: 0, Min Delay: -1 ms, Max Speed: 0.00 M/s, Avg Speed: 0.00 M/s, Max Resolution: 1920x1080
Category: 香港澳门, Name: 凤凰资讯, Total: 3, Valid: 2, Valid Percent: 66.67%, Whitelist: 0, IPv4: 3, IPv6: 0, Min Delay: 128 ms, Max Speed: 43.94 M/s, Avg Speed: 22.14 M/s, Max Resolution: 1920x1080
Category: 香港澳门, Name: 凤凰香港, Total: 1, Valid: 0, Valid Percent: 0.00%, Whitelist: 0, IPv4: 1, IPv6: 0, Min Delay: -1 ms, Max Speed: 0.00 M/s, Avg Speed: 0.00 M/s, Max Resolution: 1920x1080
Category: 香港澳门, Name: 翡翠台, Total: 4, Valid: 1, Valid Percent: 25.00%, Whitelist: 0, IPv4: 4, IPv6: 0, Min Delay: 353 ms, Max Speed: 1.17 M/s, Avg Speed: 1.17 M/s, Max Resolution: 1920x1080
Category: 香港澳门, Name: 18台, Total: 1, Valid: 1, Valid Percent: 100.00%, Whitelist: 0, IPv4: 1, IPv6: 0, Min Delay: 594 ms, Max Speed: 1.12 M/s, Avg Speed: 1.12 M/s, Max Resolution: 960x540
Category: 香港澳门, Name: 天映频道, Total: 1, Valid: 0, Valid Percent: 0.00%, Whitelist: 0, IPv4: 1, IPv6: 0, Min Delay: 1142 ms, Max Speed: 0.00 M/s, Avg Speed: 0.00 M/s, Max Resolution: 1920x1080
Category: 香港澳门, Name: VIUTV, Total: 1, Valid: 1, Valid Percent: 100.00%, Whitelist: 0, IPv4: 1, IPv6: 0, Min Delay: 1597 ms, Max Speed: 1.36 M/s, Avg Speed: 1.36 M/s, Max Resolution: 1920x1080
Category: 香港澳门, Name: 星空卫视国际, Total: 1, Valid: 0, Valid Percent: 0.00%, Whitelist: 0, IPv4: 1, IPv6: 0, Min Delay: 436 ms, Max Speed: 0.00 M/s, Avg Speed: 0.00 M/s, Max Resolution: None
Category: 香港澳门, Name: 香港佛陀, Total: 2, Valid: 2, Valid Percent: 100.00%, Whitelist: 0, IPv4: 2, IPv6: 0, Min Delay: 1917 ms, Max Speed: 0.91 M/s, Avg Speed: 0.85 M/s, Max Resolution: 1280x720
Category: 香港澳门, Name: 耀才财经, Total: 1, Valid: 1, Valid Percent: 100.00%, Whitelist: 0, IPv4: 1, IPv6: 0, Min Delay: 2763 ms, Max Speed: 0.35 M/s, Avg Speed: 0.35 M/s, Max Resolution: 1024x576
Category: 香港澳门, Name: 环球电视, Total: 1, Valid: 1, Valid Percent: 100.00%, Whitelist: 0, IPv4: 1, IPv6: 0, Min Delay: 3669 ms, Max Speed: 0.83 M/s, Avg Speed: 0.83 M/s, Max Resolution: 1280x702
Category: 香港澳门, Name: 美亚电影台, Total: 1, Valid: 1, Valid Percent: 100.00%, Whitelist: 0, IPv4: 1, IPv6: 0, Min Delay: 1931 ms, Max Speed: 0.94 M/s, Avg Speed: 0.94 M/s, Max Resolution: 1920x1080
Category: 香港澳门, Name: 香港环球卫视, Total: 1, Valid: 0, Valid Percent: 0.00%, Whitelist: 0, IPv4: 1, IPv6: 0, Min Delay: -1 ms, Max Speed: 0.00 M/s, Avg Speed: 0.00 M/s, Max Resolution: 1920x1080
Category: 中国台湾, Name: 中天新闻, Total: 1, Valid: 0, Valid Percent: 0.00%, Whitelist: 0, IPv4: 1, IPv6: 0, Min Delay: -1 ms, Max Speed: 0.00 M/s, Avg Speed: 0.00 M/s, Max Resolution: 1920x1080
Category: 中国台湾, Name: 寰宇新闻, Total: 1, Valid: 1, Valid Percent: 100.00%, Whitelist: 0, IPv4: 1, IPv6: 0, Min Delay: 1188 ms, Max Speed: 3.59 M/s, Avg Speed: 3.59 M/s, Max Resolution: 1920x1080
Category: 中国台湾, Name: 台视新闻, Total: 1, Valid: 1, Valid Percent: 100.00%, Whitelist: 0, IPv4: 1, IPv6: 0, Min Delay: 603 ms, Max Speed: 3.60 M/s, Avg Speed: 3.60 M/s, Max Resolution: 1920x1080
Category: 中国台湾, Name: TVBS, Total: 1, Valid: 1, Valid Percent: 100.00%, Whitelist: 0, IPv4: 1, IPv6: 0, Min Delay: 1020 ms, Max Speed: 0.20 M/s, Avg Speed: 0.20 M/s, Max Resolution: 1920x1080
Category: 中国台湾, Name: TVBS新闻, Total: 1, Valid: 1, Valid Percent: 100.00%, Whitelist: 0, IPv4: 1, IPv6: 0, Min Delay: 4961 ms, Max Speed: 0.80 M/s, Avg Speed: 0.80 M/s, Max Resolution: None
Category: 中国台湾, Name: TVBS亚洲, Total: 1, Valid: 1, Valid Percent: 100.00%, Whitelist: 0, IPv4: 1, IPv6: 0, Min Delay: 1427 ms, Max Speed: 1.05 M/s, Avg Speed: 1.05 M/s, Max Resolution: 1920x1080
Category: 中国台湾, Name: 东森新闻, Total: 1, Valid: 1, Valid Percent: 100.00%, Whitelist: 0, IPv4: 1, IPv6: 0, Min Delay: 4122 ms, Max Speed: 0.71 M/s, Avg Speed: 0.71 M/s, Max Resolution: 1920x1080
Category: 中国台湾, Name: 民视, Total: 2, Valid: 2, Valid Percent: 100.00%, Whitelist: 0, IPv4: 2, IPv6: 0, Min Delay: 345 ms, Max Speed: 1.58 M/s, Avg Speed: 0.95 M/s, Max Resolution: 1920x1080
Category: 中国台湾, Name: 民视新闻, Total: 2, Valid: 2, Valid Percent: 100.00%, Whitelist: 0, IPv4: 2, IPv6: 0, Min Delay: 347 ms, Max Speed: 1.30 M/s, Avg Speed: 0.93 M/s, Max Resolution: 1920x1080
Category: 中国台湾, Name: 三立都会, Total: 1, Valid: 1, Valid Percent: 100.00%, Whitelist: 0, IPv4: 1, IPv6: 0, Min Delay: 953 ms, Max Speed: 0.21 M/s, Avg Speed: 0.21 M/s, Max Resolution: 1920x1080
Category: 中国台湾, Name: 三立戏剧, Total: 1, Valid: 1, Valid Percent: 100.00%, Whitelist: 0, IPv4: 1, IPv6: 0, Min Delay: 1008 ms, Max Speed: 0.20 M/s, Avg Speed: 0.20 M/s, Max Resolution: 1920x1080
Category: 中国台湾, Name: 三立综合, Total: 1, Valid: 1, Valid Percent: 100.00%, Whitelist: 0, IPv4: 1, IPv6: 0, Min Delay: 974 ms, Max Speed: 0.21 M/s, Avg Speed: 0.21 M/s, Max Resolution: 1920x1080
Category: 中国台湾, Name: 纬来综合, Total: 1, Valid: 1, Valid Percent: 100.00%, Whitelist: 0, IPv4: 1, IPv6: 0, Min Delay: 981 ms, Max Speed: 0.20 M/s, Avg Speed: 0.20 M/s, Max Resolution: 1920x1080
Category: 中国台湾, Name: 纬来日本, Total: 1, Valid: 1, Valid Percent: 100.00%, Whitelist: 0, IPv4: 1, IPv6: 0, Min Delay: 942 ms, Max Speed: 0.21 M/s, Avg Speed: 0.21 M/s, Max Resolution: 1920x1080
Category: 明星频道, Name: 成龙, Total: 1, Valid: 1, Valid Percent: 100.00%, Whitelist: 0, IPv4: 1, IPv6: 0, Min Delay: 3675 ms, Max Speed: 0.76 M/s, Avg Speed: 0.76 M/s, Max Resolution: 1280x544
Category: 明星频道, Name: 周星驰, Total: 3, Valid: 3, Valid Percent: 100.00%, Whitelist: 0, IPv4: 3, IPv6: 0, Min Delay: 326 ms, Max Speed: 13.21 M/s, Avg Speed: 7.54 M/s, Max Resolution: 1920x1080
Category: 明星频道, Name: 周润发, Total: 1, Valid: 1, Valid Percent: 100.00%, Whitelist: 0, IPv4: 1, IPv6: 0, Min Delay: 1506 ms, Max Speed: 0.53 M/s, Avg Speed: 0.53 M/s, Max Resolution: 1088x576
Category: 明星频道, Name: 邱淑贞, Total: 1, Valid: 1, Valid Percent: 100.00%, Whitelist: 0, IPv4: 1, IPv6: 0, Min Delay: 128 ms, Max Speed: 3.54 M/s, Avg Speed: 3.54 M/s, Max Resolution: 1280x530
Category: 明星频道, Name: 刘德华, Total: 1, Valid: 1, Valid Percent: 100.00%, Whitelist: 0, IPv4: 1, IPv6: 0, Min Delay: 74 ms, Max Speed: 6.14 M/s, Avg Speed: 6.14 M/s, Max Resolution: 1920x1080
Category: 明星频道, Name: 林正英, Total: 1, Valid: 1, Valid Percent: 100.00%, Whitelist: 0, IPv4: 1, IPv6: 0, Min Delay: 3488 ms, Max Speed: 1.10 M/s, Avg Speed: 1.10 M/s, Max Resolution: 1920x1080
Category: 明星频道, Name: 邵氏影院, Total: 1, Valid: 1, Valid Percent: 100.00%, Whitelist: 0, IPv4: 1, IPv6: 0, Min Delay: 93 ms, Max Speed: 5.01 M/s, Avg Speed: 5.01 M/s, Max Resolution: 640x360
Category: 明星频道, Name: 华语经典, Total: 1, Valid: 1, Valid Percent: 100.00%, Whitelist: 0, IPv4: 1, IPv6: 0, Min Delay: 80 ms, Max Speed: 5.22 M/s, Avg Speed: 5.22 M/s, Max Resolution: 1920x1080
Category: 明星频道, Name: 吃米滴虫, Total: 1, Valid: 1, Valid Percent: 100.00%, Whitelist: 0, IPv4: 1, IPv6: 0, Min Delay: 103 ms, Max Speed: 5.39 M/s, Avg Speed: 5.39 M/s, Max Resolution: 1920x1080
Category: 明星频道, Name: 特辑影院, Total: 1, Valid: 1, Valid Percent: 100.00%, Whitelist: 0, IPv4: 1, IPv6: 0, Min Delay: 93 ms, Max Speed: 5.37 M/s, Avg Speed: 5.37 M/s, Max Resolution: 1000x562
Category: 明星频道, Name: 赵本山经典小品, Total: 2, Valid: 2, Valid Percent: 100.00%, Whitelist: 0, IPv4: 2, IPv6: 0, Min Delay: 90 ms, Max Speed: 5.28 M/s, Avg Speed: 2.69 M/s, Max Resolution: 1280x720
Category: 明星频道, Name: 笑声传奇, Total: 1, Valid: 1, Valid Percent: 100.00%, Whitelist: 0, IPv4: 1, IPv6: 0, Min Delay: 4036 ms, Max Speed: 0.16 M/s, Avg Speed: 0.16 M/s, Max Resolution: 1280x720
Category: 明星频道, Name: 喜剧电影笑不停, Total: 1, Valid: 1, Valid Percent: 100.00%, Whitelist: 0, IPv4: 1, IPv6: 0, Min Delay: 1628 ms, Max Speed: 0.13 M/s, Avg Speed: 0.13 M/s, Max Resolution: 1920x1080
Category: 明星频道, Name: 大笑影院, Total: 1, Valid: 1, Valid Percent: 100.00%, Whitelist: 0, IPv4: 1, IPv6: 0, Min Delay: 2393 ms, Max Speed: 0.46 M/s, Avg Speed: 0.46 M/s, Max Resolution: 1920x1080
Category: 明星频道, Name: 本山快乐营, Total: 1, Valid: 1, Valid Percent: 100.00%, Whitelist: 0, IPv4: 1, IPv6: 0, Min Delay: 3452 ms, Max Speed: 0.15 M/s, Avg Speed: 0.15 M/s, Max Resolution: 1280x720
Category: 电视剧, Name: 斗罗大陆, Total: 1, Valid: 0, Valid Percent: 0.00%, Whitelist: 0, IPv4: 1, IPv6: 0, Min Delay: 6475 ms, Max Speed: 0.00 M/s, Avg Speed: 0.00 M/s, Max Resolution: 1920x1080
Category: 电视剧, Name: 孙悟空, Total: 1, Valid: 0, Valid Percent: 0.00%, Whitelist: 0, IPv4: 1, IPv6: 0, Min Delay: 6060 ms, Max Speed: 0.00 M/s, Avg Speed: 0.00 M/s, Max Resolution: 1920x1080
Category: 电视剧, Name: 张卫健版西游记, Total: 1, Valid: 0, Valid Percent: 0.00%, Whitelist: 0, IPv4: 1, IPv6: 0, Min Delay: 6062 ms, Max Speed: 0.00 M/s, Avg Speed: 0.00 M/s, Max Resolution: 1920x816
Category: 电视剧, Name: 楚汉骄雄, Total: 1, Valid: 1, Valid Percent: 100.00%, Whitelist: 0, IPv4: 1, IPv6: 0, Min Delay: 784 ms, Max Speed: 0.68 M/s, Avg Speed: 0.68 M/s, Max Resolution: 1920x1080
Category: 电视剧, Name: 鹿鼎记小春版, Total: 1, Valid: 1, Valid Percent: 100.00%, Whitelist: 0, IPv4: 1, IPv6: 0, Min Delay: 1523 ms, Max Speed: 0.14 M/s, Avg Speed: 0.14 M/s, Max Resolution: 1280x720
Category: 电视剧, Name: 天龙八部97版, Total: 1, Valid: 0, Valid Percent: 0.00%, Whitelist: 0, IPv4: 1, IPv6: 0, Min Delay: 6061 ms, Max Speed: 0.00 M/s, Avg Speed: 0.00 M/s, Max Resolution: 1280x720
Category: 电视剧, Name: 刑事侦缉档案, Total: 2, Valid: 1, Valid Percent: 50.00%, Whitelist: 0, IPv4: 2, IPv6: 0, Min Delay: 2250 ms, Max Speed: 0.71 M/s, Avg Speed: 0.71 M/s, Max Resolution: 1920x1080
Category: 电视剧, Name: 寻秦记, Total: 5, Valid: 4, Valid Percent: 80.00%, Whitelist: 0, IPv4: 5, IPv6: 0, Min Delay: 408 ms, Max Speed: 0.31 M/s, Avg Speed: 0.22 M/s, Max Resolution: 1280x720
Category: 电视剧, Name: 法证先锋, Total: 2, Valid: 1, Valid Percent: 50.00%, Whitelist: 0, IPv4: 2, IPv6: 0, Min Delay: 2839 ms, Max Speed: 0.18 M/s, Avg Speed: 0.18 M/s, Max Resolution: 1280x720
Category: 电视剧, Name: 陀枪师姐, Total: 1, Valid: 0, Valid Percent: 0.00%, Whitelist: 0, IPv4: 1, IPv6: 0, Min Delay: 6058 ms, Max Speed: 0.00 M/s, Avg Speed: 0.00 M/s, Max Resolution: 1920x1080
Category: 电视剧, Name: 洗冤录, Total: 1, Valid: 0, Valid Percent: 0.00%, Whitelist: 0, IPv4: 1, IPv6: 0, Min Delay: 6052 ms, Max Speed: 0.00 M/s, Avg Speed: 0.00 M/s, Max Resolution: 1920x1080
Category: 电视剧, Name: 倚天屠龙记, Total: 1, Valid: 1, Valid Percent: 100.00%, Whitelist: 0, IPv4: 1, IPv6: 0, Min Delay: 1513 ms, Max Speed: 0.28 M/s, Avg Speed: 0.28 M/s, Max Resolution: 1920x1080
Category: 电视剧, Name: 神雕侠侣, Total: 3, Valid: 3, Valid Percent: 100.00%, Whitelist: 0, IPv4: 3, IPv6: 0, Min Delay: 586 ms, Max Speed: 0.59 M/s, Avg Speed: 0.32 M/s, Max Resolution: 1920x1080
Category: 电视剧, Name: 鉴证实录, Total: 1, Valid: 1, Valid Percent: 100.00%, Whitelist: 0, IPv4: 1, IPv6: 0, Min Delay: 1707 ms, Max Speed: 0.11 M/s, Avg Speed: 0.11 M/s, Max Resolution: 1920x1038
Category: 电视剧, Name: 创世纪, Total: 1, Valid: 0, Valid Percent: 0.00%, Whitelist: 0, IPv4: 1, IPv6: 0, Min Delay: 6056 ms, Max Speed: 0.00 M/s, Avg Speed: 0.00 M/s, Max Resolution: 1920x1080
Category: 电视剧, Name: 金枝欲孽, Total: 1, Valid: 1, Valid Percent: 100.00%, Whitelist: 0, IPv4: 1, IPv6: 0, Min Delay: 1800 ms, Max Speed: 0.21 M/s, Avg Speed: 0.21 M/s, Max Resolution: 1280x720
Category: 电视剧, Name: 大唐双龙传, Total: 4, Valid: 3, Valid Percent: 75.00%, Whitelist: 0, IPv4: 4, IPv6: 0, Min Delay: 1166 ms, Max Speed: 0.83 M/s, Avg Speed: 0.34 M/s, Max Resolution: 1280x720
Category: 电视剧, Name: 妙手仁心, Total: 1, Valid: 0, Valid Percent: 0.00%, Whitelist: 0, IPv4: 1, IPv6: 0, Min Delay: 6051 ms, Max Speed: 0.00 M/s, Avg Speed: 0.00 M/s, Max Resolution: 1280x720
Category: 电视剧, Name: 扫黄先锋, Total: 1, Valid: 0, Valid Percent: 0.00%, Whitelist: 0, IPv4: 1, IPv6: 0, Min Delay: 6063 ms, Max Speed: 0.00 M/s, Avg Speed: 0.00 M/s, Max Resolution: 1920x1080
Category: 电视剧, Name: 笑看风云, Total: 1, Valid: 0, Valid Percent: 0.00%, Whitelist: 0, IPv4: 1, IPv6: 0, Min Delay: 6062 ms, Max Speed: 0.00 M/s, Avg Speed: 0.00 M/s, Max Resolution: 1280x720
Category: 电视剧, Name: 大时代, Total: 2, Valid: 1, Valid Percent: 50.00%, Whitelist: 0, IPv4: 2, IPv6: 0, Min Delay: 3666 ms, Max Speed: 0.18 M/s, Avg Speed: 0.18 M/s, Max Resolution: 1920x960
Category: 电视剧, Name: 康熙微服私访记, Total: 2, Valid: 2, Valid Percent: 100.00%, Whitelist: 0, IPv4: 2, IPv6: 0, Min Delay: 2170 ms, Max Speed: 0.14 M/s, Avg Speed: 0.14 M/s, Max Resolution: 800x600
Category: 电视剧, Name: 芈月传, Total: 1, Valid: 1, Valid Percent: 100.00%, Whitelist: 0, IPv4: 1, IPv6: 0, Min Delay: 1910 ms, Max Speed: 0.25 M/s, Avg Speed: 0.25 M/s, Max Resolution: 788x576
Category: 电视剧, Name: 天龙八部, Total: 1, Valid: 1, Valid Percent: 100.00%, Whitelist: 0, IPv4: 1, IPv6: 0, Min Delay: 2562 ms, Max Speed: 0.24 M/s, Avg Speed: 0.24 M/s, Max Resolution: 1920x1080
Category: 电视剧, Name: 新三国, Total: 2, Valid: 2, Valid Percent: 100.00%, Whitelist: 0, IPv4: 2, IPv6: 0, Min Delay: 1790 ms, Max Speed: 0.36 M/s, Avg Speed: 0.28 M/s, Max Resolution: 1280x720
Category: 电视剧, Name: 新水浒传, Total: 1, Valid: 1, Valid Percent: 100.00%, Whitelist: 0, IPv4: 1, IPv6: 0, Min Delay: 6061 ms, Max Speed: 0.03 M/s, Avg Speed: 0.03 M/s, Max Resolution: 1104x622
Category: 电视剧, Name: 爱情公寓, Total: 4, Valid: 3, Valid Percent: 75.00%, Whitelist: 0, IPv4: 4, IPv6: 0, Min Delay: 604 ms, Max Speed: 0.57 M/s, Avg Speed: 0.37 M/s, Max Resolution: 1280x720
Category: 电视剧, Name: 铁齿铜牙纪晓岚, Total: 1, Valid: 1, Valid Percent: 100.00%, Whitelist: 0, IPv4: 1, IPv6: 0, Min Delay: 2035 ms, Max Speed: 0.25 M/s, Avg Speed: 0.25 M/s, Max Resolution: 1440x1078
Category: 电视剧, Name: 士兵突击, Total: 2, Valid: 2, Valid Percent: 100.00%, Whitelist: 0, IPv4: 2, IPv6: 0, Min Delay: 1253 ms, Max Speed: 0.11 M/s, Avg Speed: 0.06 M/s, Max Resolution: 1280x720
Category: 电视剧, Name: 康熙王朝, Total: 1, Valid: 1, Valid Percent: 100.00%, Whitelist: 0, IPv4: 1, IPv6: 0, Min Delay: 6056 ms, Max Speed: 0.02 M/s, Avg Speed: 0.02 M/s, Max Resolution: 720x528
Category: 电视剧, Name: 变形金刚, Total: 1, Valid: 1, Valid Percent: 100.00%, Whitelist: 0, IPv4: 1, IPv6: 0, Min Delay: 3202 ms, Max Speed: 0.18 M/s, Avg Speed: 0.18 M/s, Max Resolution: 1280x720
Category: 电视剧, Name: 九品芝麻官, Total: 1, Valid: 1, Valid Percent: 100.00%, Whitelist: 0, IPv4: 1, IPv6: 0, Min Delay: 203 ms, Max Speed: 46.27 M/s, Avg Speed: 46.27 M/s, Max Resolution: 1280x720
Category: 电视剧, Name: 家庭影院, Total: 1, Valid: 1, Valid Percent: 100.00%, Whitelist: 0, IPv4: 1, IPv6: 0, Min Delay: 1443 ms, Max Speed: 3.42 M/s, Avg Speed: 3.42 M/s, Max Resolution: 1920x1080
Category: 电视剧, Name: 哈利波特全集, Total: 1, Valid: 1, Valid Percent: 100.00%, Whitelist: 0, IPv4: 1, IPv6: 0, Min Delay: 2649 ms, Max Speed: 0.19 M/s, Avg Speed: 0.19 M/s, Max Resolution: 1280x720
Category: 电视剧, Name: 父母爱情, Total: 2, Valid: 1, Valid Percent: 50.00%, Whitelist: 0, IPv4: 2, IPv6: 0, Min Delay: 3317 ms, Max Speed: 0.17 M/s, Avg Speed: 0.17 M/s, Max Resolution: 1280x720
Category: 电视剧, Name: 西游记后传, Total: 1, Valid: 1, Valid Percent: 100.00%, Whitelist: 0, IPv4: 1, IPv6: 0, Min Delay: 2763 ms, Max Speed: 0.20 M/s, Avg Speed: 0.20 M/s, Max Resolution: 352x288
Category: 电视剧, Name: 伪装者, Total: 1, Valid: 1, Valid Percent: 100.00%, Whitelist: 0, IPv4: 1, IPv6: 0, Min Delay: 3791 ms, Max Speed: 0.25 M/s, Avg Speed: 0.25 M/s, Max Resolution: 1280x720
Category: 电视剧, Name: 陈情令, Total: 2, Valid: 1, Valid Percent: 50.00%, Whitelist: 0, IPv4: 2, IPv6: 0, Min Delay: 3352 ms, Max Speed: 0.30 M/s, Avg Speed: 0.30 M/s, Max Resolution: 1280x720
Category: 电视剧, Name: 无间道2, Total: 1, Valid: 1, Valid Percent: 100.00%, Whitelist: 0, IPv4: 1, IPv6: 0, Min Delay: 165 ms, Max Speed: 4.68 M/s, Avg Speed: 4.68 M/s, Max Resolution: 1600x674
Category: 电视剧, Name: 死神来了, Total: 1, Valid: 0, Valid Percent: 0.00%, Whitelist: 0, IPv4: 1, IPv6: 0, Min Delay: 6063 ms, Max Speed: 0.00 M/s, Avg Speed: 0.00 M/s, Max Resolution: 1024x576
Category: 电影轮播, Name: 电影_警匪, Total: 1, Valid: 1, Valid Percent: 100.00%, Whitelist: 0, IPv4: 1, IPv6: 0, Min Delay: 2077 ms, Max Speed: 0.27 M/s, Avg Speed: 0.27 M/s, Max Resolution: 1280x720
Category: 电影轮播, Name: 电影_赛车, Total: 1, Valid: 1, Valid Percent: 100.00%, Whitelist: 0, IPv4: 1, IPv6: 0, Min Delay: 1911 ms, Max Speed: 0.16 M/s, Avg Speed: 0.16 M/s, Max Resolution: 1280x720
Category: 电影轮播, Name: 电影_热血, Total: 1, Valid: 1, Valid Percent: 100.00%, Whitelist: 0, IPv4: 1, IPv6: 0, Min Delay: 2153 ms, Max Speed: 0.36 M/s, Avg Speed: 0.36 M/s, Max Resolution: 1024x576
Category: 电影轮播, Name: 电影_谍战, Total: 1, Valid: 0, Valid Percent: 0.00%, Whitelist: 0, IPv4: 1, IPv6: 0, Min Delay: 6064 ms, Max Speed: 0.00 M/s, Avg Speed: 0.00 M/s, Max Resolution: 1280x720
Category: 电影轮播, Name: 电影_国产, Total: 1, Valid: 0, Valid Percent: 0.00%, Whitelist: 0, IPv4: 1, IPv6: 0, Min Delay: 6065 ms, Max Speed: 0.00 M/s, Avg Speed: 0.00 M/s, Max Resolution: 1280x720
Category: 电影轮播, Name: 电影_八点档, Total: 1, Valid: 0, Valid Percent: 0.00%, Whitelist: 0, IPv4: 1, IPv6: 0, Min Delay: 6064 ms, Max Speed: 0.00 M/s, Avg Speed: 0.00 M/s, Max Resolution: 1280x720
Category: 电影轮播, Name: 电影_贺岁片, Total: 1, Valid: 0, Valid Percent: 0.00%, Whitelist: 0, IPv4: 1, IPv6: 0, Min Delay: 6062 ms, Max Speed: 0.00 M/s, Avg Speed: 0.00 M/s, Max Resolution: 1920x804
Category: 电影轮播, Name: 电影_黑帮片, Total: 1, Valid: 1, Valid Percent: 100.00%, Whitelist: 0, IPv4: 1, IPv6: 0, Min Delay: 2153 ms, Max Speed: 0.38 M/s, Avg Speed: 0.38 M/s, Max Resolution: 1280x720
Category: 电影轮播, Name: 电影_丧尸片, Total: 1, Valid: 1, Valid Percent: 100.00%, Whitelist: 0, IPv4: 1, IPv6: 0, Min Delay: 1729 ms, Max Speed: 0.20 M/s, Avg Speed: 0.20 M/s, Max Resolution: 640x400
Category: 电影轮播, Name: 电影_灾难片, Total: 1, Valid: 1, Valid Percent: 100.00%, Whitelist: 0, IPv4: 1, IPv6: 0, Min Delay: 1727 ms, Max Speed: 0.20 M/s, Avg Speed: 0.20 M/s, Max Resolution: 1280x546
Category: 电影轮播, Name: 电影_谍战片, Total: 1, Valid: 1, Valid Percent: 100.00%, Whitelist: 0, IPv4: 1, IPv6: 0, Min Delay: 2084 ms, Max Speed: 0.34 M/s, Avg Speed: 0.34 M/s, Max Resolution: 1920x1080
Category: 电影轮播, Name: 电影_战争片, Total: 1, Valid: 0, Valid Percent: 0.00%, Whitelist: 0, IPv4: 1, IPv6: 0, Min Delay: 6054 ms, Max Speed: 0.00 M/s, Avg Speed: 0.00 M/s, Max Resolution: 1280x720
Category: 电影轮播, Name: 电影_犯罪片, Total: 1, Valid: 1, Valid Percent: 100.00%, Whitelist: 0, IPv4: 1, IPv6: 0, Min Delay: 1828 ms, Max Speed: 0.23 M/s, Avg Speed: 0.23 M/s, Max Resolution: 1920x1080
Category: 电影轮播, Name: 电影_古装片, Total: 1, Valid: 0, Valid Percent: 0.00%, Whitelist: 0, IPv4: 1, IPv6: 0, Min Delay: 6067 ms, Max Speed: 0.00 M/s, Avg Speed: 0.00 M/s, Max Resolution: 1920x818
Category: 电影轮播, Name: 电影_高分动作, Total: 1, Valid: 0, Valid Percent: 0.00%, Whitelist: 0, IPv4: 1, IPv6: 0, Min Delay: 6068 ms, Max Speed: 0.00 M/s, Avg Speed: 0.00 M/s, Max Resolution: 1920x1080
Category: 电影轮播, Name: 电影_动作电影, Total: 1, Valid: 1, Valid Percent: 100.00%, Whitelist: 0, IPv4: 1, IPv6: 0, Min Delay: 1843 ms, Max Speed: 0.24 M/s, Avg Speed: 0.24 M/s, Max Resolution: 1280x720
Category: 电影轮播, Name: 电影_搞笑喜剧, Total: 1, Valid: 0, Valid Percent: 0.00%, Whitelist: 0, IPv4: 1, IPv6: 0, Min Delay: 6061 ms, Max Speed: 0.00 M/s, Avg Speed: 0.00 M/s, Max Resolution: 720x440
Category: 电影轮播, Name: 电影_喜剧专场, Total: 1, Valid: 0, Valid Percent: 0.00%, Whitelist: 0, IPv4: 1, IPv6: 0, Min Delay: 6062 ms, Max Speed: 0.00 M/s, Avg Speed: 0.00 M/s, Max Resolution: 1024x564
Category: 电影轮播, Name: 电影_欢笑影院, Total: 1, Valid: 0, Valid Percent: 0.00%, Whitelist: 0, IPv4: 1, IPv6: 0, Min Delay: 6071 ms, Max Speed: 0.00 M/s, Avg Speed: 0.00 M/s, Max Resolution: 1280x720
Category: 电影轮播, Name: 电影_不挤影院, Total: 1, Valid: 0, Valid Percent: 0.00%, Whitelist: 0, IPv4: 1, IPv6: 0, Min Delay: 6067 ms, Max Speed: 0.00 M/s, Avg Speed: 0.00 M/s, Max Resolution: 1920x1080
Category: 电影轮播, Name: 电影_国产悬疑, Total: 1, Valid: 0, Valid Percent: 0.00%, Whitelist: 0, IPv4: 1, IPv6: 0, Min Delay: 6072 ms, Max Speed: 0.00 M/s, Avg Speed: 0.00 M/s, Max Resolution: 1920x1080
Category: 电影轮播, Name: 电影_快意江湖, Total: 1, Valid: 0, Valid Percent: 0.00%, Whitelist: 0, IPv4: 1, IPv6: 0, Min Delay: 6055 ms, Max Speed: 0.00 M/s, Avg Speed: 0.00 M/s, Max Resolution: 1280x640
Category: 电影轮播, Name: 电影_黑帮斗争, Total: 1, Valid: 1, Valid Percent: 100.00%, Whitelist: 0, IPv4: 1, IPv6: 0, Min Delay: 2180 ms, Max Speed: 0.18 M/s, Avg Speed: 0.18 M/s, Max Resolution: 1080x608
Category: 电影轮播, Name: 电影_古墓系列, Total: 1, Valid: 0, Valid Percent: 0.00%, Whitelist: 0, IPv4: 1, IPv6: 0, Min Delay: 6165 ms, Max Speed: 0.00 M/s, Avg Speed: 0.00 M/s, Max Resolution: 1920x1078
Category: 电影轮播, Name: 电影_嫣然影厅, Total: 1, Valid: 0, Valid Percent: 0.00%, Whitelist: 0, IPv4: 1, IPv6: 0, Min Delay: 6172 ms, Max Speed: 0.00 M/s, Avg Speed: 0.00 M/s, Max Resolution: 1280x720
Category: 电影轮播, Name: 电影_女神系列, Total: 1, Valid: 0, Valid Percent: 0.00%, Whitelist: 0, IPv4: 1, IPv6: 0, Min Delay: 6378 ms, Max Speed: 0.00 M/s, Avg Speed: 0.00 M/s, Max Resolution: 640x368
Category: 电影轮播, Name: 电影_经典女神, Total: 1, Valid: 0, Valid Percent: 0.00%, Whitelist: 0, IPv4: 1, IPv6: 0, Min Delay: 6220 ms, Max Speed: 0.00 M/s, Avg Speed: 0.00 M/s, Max Resolution: 1080x608
Category: 电影轮播, Name: 电影_许氏三杰, Total: 1, Valid: 0, Valid Percent: 0.00%, Whitelist: 0, IPv4: 1, IPv6: 0, Min Delay: 6057 ms, Max Speed: 0.00 M/s, Avg Speed: 0.00 M/s, Max Resolution: 720x464
Category: 电影轮播, Name: 电影_经典港片, Total: 1, Valid: 0, Valid Percent: 0.00%, Whitelist: 0, IPv4: 1, IPv6: 0, Min Delay: 6054 ms, Max Speed: 0.00 M/s, Avg Speed: 0.00 M/s, Max Resolution: 1280x720
Category: 电影轮播, Name: 电影_镖行天下, Total: 1, Valid: 0, Valid Percent: 0.00%, Whitelist: 0, IPv4: 1, IPv6: 0, Min Delay: 6065 ms, Max Speed: 0.00 M/s, Avg Speed: 0.00 M/s, Max Resolution: 1280x720
Category: 电影轮播, Name: 电影_喜乐影院, Total: 1, Valid: 0, Valid Percent: 0.00%, Whitelist: 0, IPv4: 1, IPv6: 0, Min Delay: 6059 ms, Max Speed: 0.00 M/s, Avg Speed: 0.00 M/s, Max Resolution: 1920x1080
Category: 电影轮播, Name: 电影_蘑菇影厅, Total: 1, Valid: 1, Valid Percent: 100.00%, Whitelist: 0, IPv4: 1, IPv6: 0, Min Delay: 6062 ms, Max Speed: 0.02 M/s, Avg Speed: 0.02 M/s, Max Resolution: 1080x602
Category: 电影轮播, Name: 电影_搞笑恐怖, Total: 1, Valid: 0, Valid Percent: 0.00%, Whitelist: 0, IPv4: 1, IPv6: 0, Min Delay: 6064 ms, Max Speed: 0.00 M/s, Avg Speed: 0.00 M/s, Max Resolution: 640x352
Category: 电影轮播, Name: 电影_怪兽系列, Total: 1, Valid: 1, Valid Percent: 100.00%, Whitelist: 0, IPv4: 1, IPv6: 0, Min Delay: 1836 ms, Max Speed: 0.22 M/s, Avg Speed: 0.22 M/s, Max Resolution: 640x352
Category: 电影轮播, Name: 电影_高能反转, Total: 1, Valid: 0, Valid Percent: 0.00%, Whitelist: 0, IPv4: 1, IPv6: 0, Min Delay: 6062 ms, Max Speed: 0.00 M/s, Avg Speed: 0.00 M/s, Max Resolution: 1280x720
Category: 电影轮播, Name: 电影_变形金刚, Total: 1, Valid: 0, Valid Percent: 0.00%, Whitelist: 0, IPv4: 1, IPv6: 0, Min Delay: 6064 ms, Max Speed: 0.00 M/s, Avg Speed: 0.00 M/s, Max Resolution: 1280x720
Category: 电影轮播, Name: 搞笑_陈翔六点半, Total: 1, Valid: 0, Valid Percent: 0.00%, Whitelist: 0, IPv4: 1, IPv6: 0, Min Delay: 6065 ms, Max Speed: 0.00 M/s, Avg Speed: 0.00 M/s, Max Resolution: None
Category: 斗鱼轮播, Name: 吃奶滴虫, Total: 1, Valid: 1, Valid Percent: 100.00%, Whitelist: 0, IPv4: 1, IPv6: 0, Min Delay: 88 ms, Max Speed: 5.22 M/s, Avg Speed: 5.22 M/s, Max Resolution: 1920x1080
Category: 斗鱼轮播, Name: Poison丶冰冰, Total: 1, Valid: 1, Valid Percent: 100.00%, Whitelist: 0, IPv4: 1, IPv6: 0, Min Delay: 99 ms, Max Speed: 4.25 M/s, Avg Speed: 4.25 M/s, Max Resolution: 1920x1080
Category: 斗鱼轮播, Name: 精彩短剧看不停, Total: 1, Valid: 1, Valid Percent: 100.00%, Whitelist: 0, IPv4: 1, IPv6: 0, Min Delay: 99 ms, Max Speed: 4.68 M/s, Avg Speed: 4.68 M/s, Max Resolution: 0x0
Category: 斗鱼轮播, Name: mn静静nm, Total: 1, Valid: 1, Valid Percent: 100.00%, Whitelist: 0, IPv4: 1, IPv6: 0, Min Delay: 91 ms, Max Speed: 4.91 M/s, Avg Speed: 4.91 M/s, Max Resolution: 854x480
Category: 斗鱼轮播, Name: 7师傅, Total: 1, Valid: 1, Valid Percent: 100.00%, Whitelist: 0, IPv4: 1, IPv6: 0, Min Delay: 86 ms, Max Speed: 4.93 M/s, Avg Speed: 4.93 M/s, Max Resolution: 1920x1080
Category: 斗鱼轮播, Name: 傲娇的超级赛亚人, Total: 1, Valid: 1, Valid Percent: 100.00%, Whitelist: 0, IPv4: 1, IPv6: 0, Min Delay: 88 ms, Max Speed: 4.82 M/s, Avg Speed: 4.82 M/s, Max Resolution: 1920x1080
Category: 斗鱼轮播, Name: 网神影厅, Total: 1, Valid: 1, Valid Percent: 100.00%, Whitelist: 0, IPv4: 1, IPv6: 0, Min Delay: 102 ms, Max Speed: 4.71 M/s, Avg Speed: 4.71 M/s, Max Resolution: 854x480
Category: 斗鱼轮播, Name: 动作影院, Total: 1, Valid: 1, Valid Percent: 100.00%, Whitelist: 0, IPv4: 1, IPv6: 0, Min Delay: 10088 ms, Max Speed: 0.16 M/s, Avg Speed: 0.16 M/s, Max Resolution: 1920x1080
Category: 斗鱼轮播, Name: 邦德影院, Total: 1, Valid: 1, Valid Percent: 100.00%, Whitelist: 0, IPv4: 1, IPv6: 0, Min Delay: 95 ms, Max Speed: 4.81 M/s, Avg Speed: 4.81 M/s, Max Resolution: 1920x1080
Category: 斗鱼轮播, Name: 贝贝影视, Total: 1, Valid: 1, Valid Percent: 100.00%, Whitelist: 0, IPv4: 1, IPv6: 0, Min Delay: 100 ms, Max Speed: 3.98 M/s, Avg Speed: 3.98 M/s, Max Resolution: 1920x1080
Category: 斗鱼轮播, Name: 下饭神剧, Total: 1, Valid: 1, Valid Percent: 100.00%, Whitelist: 0, IPv4: 1, IPv6: 0, Min Delay: 101 ms, Max Speed: 4.88 M/s, Avg Speed: 4.88 M/s, Max Resolution: 1920x1080
Category: 斗鱼轮播, Name: 橙記港剧, Total: 1, Valid: 1, Valid Percent: 100.00%, Whitelist: 0, IPv4: 1, IPv6: 0, Min Delay: 112 ms, Max Speed: 3.81 M/s, Avg Speed: 3.81 M/s, Max Resolution: 1920x1080
Category: 斗鱼轮播, Name: 热门港剧, Total: 1, Valid: 1, Valid Percent: 100.00%, Whitelist: 0, IPv4: 1, IPv6: 0, Min Delay: 110 ms, Max Speed: 4.30 M/s, Avg Speed: 4.30 M/s, Max Resolution: 640x360
Category: 斗鱼轮播, Name: 欢乐综艺, Total: 1, Valid: 1, Valid Percent: 100.00%, Whitelist: 0, IPv4: 1, IPv6: 0, Min Delay: 98 ms, Max Speed: 4.34 M/s, Avg Speed: 4.34 M/s, Max Resolution: 1920x1080
Category: 斗鱼轮播, Name: 万合出品, Total: 1, Valid: 1, Valid Percent: 100.00%, Whitelist: 0, IPv4: 1, IPv6: 0, Min Delay: 92 ms, Max Speed: 4.79 M/s, Avg Speed: 4.79 M/s, Max Resolution: 1920x1080
Category: 斗鱼轮播, Name: 新版三国, Total: 1, Valid: 1, Valid Percent: 100.00%, Whitelist: 0, IPv4: 1, IPv6: 0, Min Delay: 99 ms, Max Speed: 4.35 M/s, Avg Speed: 4.35 M/s, Max Resolution: 1920x1080
Category: 斗鱼轮播, Name: 欧美大片, Total: 1, Valid: 1, Valid Percent: 100.00%, Whitelist: 0, IPv4: 1, IPv6: 0, Min Delay: 91 ms, Max Speed: 4.66 M/s, Avg Speed: 4.66 M/s, Max Resolution: 854x480
Category: 斗鱼轮播, Name: 斗鱼电影HD23, Total: 1, Valid: 1, Valid Percent: 100.00%, Whitelist: 0, IPv4: 1, IPv6: 0, Min Delay: 123 ms, Max Speed: 3.95 M/s, Avg Speed: 3.95 M/s, Max Resolution: 540x960
Category: 斗鱼轮播, Name: 斗鱼电影HD25, Total: 1, Valid: 1, Valid Percent: 100.00%, Whitelist: 0, IPv4: 1, IPv6: 0, Min Delay: 124 ms, Max Speed: 3.75 M/s, Avg Speed: 3.75 M/s, Max Resolution: 1920x1080
Category: 体育专区, Name: 咪咕体育, Total: 1, Valid: 1, Valid Percent: 100.00%, Whitelist: 0, IPv4: 1, IPv6: 0, Min Delay: 1328 ms, Max Speed: 3.62 M/s, Avg Speed: 3.62 M/s, Max Resolution: 1920x1080
Category: 体育专区, Name: NBA TV, Total: 1, Valid: 0, Valid Percent: 0.00%, Whitelist: 0, IPv4: 1, IPv6: 0, Min Delay: 136 ms, Max Speed: 0.00 M/s, Avg Speed: 0.00 M/s, Max Resolution: None
Category: 电影频道, Name: 北京影视, Total: 8, Valid: 8, Valid Percent: 100.00%, Whitelist: 0, IPv4: 8, IPv6: 0, Min Delay: 310 ms, Max Speed: 9.10 M/s, Avg Speed: 1.79 M/s, Max Resolution: 1920x1080
Category: 电影频道, Name: 北京IPTV淘剧场, Total: 1, Valid: 1, Valid Percent: 100.00%, Whitelist: 0, IPv4: 1, IPv6: 0, Min Delay: 476 ms, Max Speed: 0.84 M/s, Avg Speed: 0.84 M/s, Max Resolution: 0x0
Category: 电影频道, Name: 天津影视, Total: 2, Valid: 2, Valid Percent: 100.00%, Whitelist: 0, IPv4: 2, IPv6: 0, Min Delay: 212 ms, Max Speed: 2.87 M/s, Avg Speed: 1.87 M/s, Max Resolution: 1920x1080
Category: 电影频道, Name: 河北影视, Total: 2, Valid: 2, Valid Percent: 100.00%, Whitelist: 0, IPv4: 2, IPv6: 0, Min Delay: 1580 ms, Max Speed: 0.27 M/s, Avg Speed: 0.19 M/s, Max Resolution: 1920x1080
Category: 电影频道, Name: 山西影视, Total: 1, Valid: 1, Valid Percent: 100.00%, Whitelist: 0, IPv4: 1, IPv6: 0, Min Delay: 9274 ms, Max Speed: 0.39 M/s, Avg Speed: 0.39 M/s, Max Resolution: 720x576
Category: 电影频道, Name: 江苏影视, Total: 2, Valid: 1, Valid Percent: 50.00%, Whitelist: 0, IPv4: 2, IPv6: 0, Min Delay: 2035 ms, Max Speed: 0.67 M/s, Avg Speed: 0.67 M/s, Max Resolution: 1920x1080
Category: 电影频道, Name: 句容影视, Total: 1, Valid: 1, Valid Percent: 100.00%, Whitelist: 0, IPv4: 1, IPv6: 0, Min Delay: 806 ms, Max Speed: 0.14 M/s, Avg Speed: 0.14 M/s, Max Resolution: 720x576
Category: 电影频道, Name: 安徽影视, Total: 1, Valid: 1, Valid Percent: 100.00%, Whitelist: 0, IPv4: 1, IPv6: 0, Min Delay: 1182 ms, Max Speed: 0.17 M/s, Avg Speed: 0.17 M/s, Max Resolution: 1920x1080
Category: 电影频道, Name: 湖南电影, Total: 1, Valid: 1, Valid Percent: 100.00%, Whitelist: 0, IPv4: 1, IPv6: 0, Min Delay: 1112 ms, Max Speed: 0.44 M/s, Avg Speed: 0.44 M/s, Max Resolution: 640x360
Category: 电影频道, Name: 广东影视, Total: 2, Valid: 2, Valid Percent: 100.00%, Whitelist: 0, IPv4: 2, IPv6: 0, Min Delay: 1335 ms, Max Speed: 3.57 M/s, Avg Speed: 2.24 M/s, Max Resolution: 1920x1080
Category: 电影频道, Name: 广西影视, Total: 1, Valid: 1, Valid Percent: 100.00%, Whitelist: 0, IPv4: 1, IPv6: 0, Min Delay: 357 ms, Max Speed: 14.45 M/s, Avg Speed: 14.45 M/s, Max Resolution: 1920x1080
Category: 电影频道, Name: 湖北影视, Total: 1, Valid: 0, Valid Percent: 0.00%, Whitelist: 0, IPv4: 1, IPv6: 0, Min Delay: 10003 ms, Max Speed: 0.00 M/s, Avg Speed: 0.00 M/s, Max Resolution: None
Category: 电影频道, Name: 辽宁影视剧, Total: 3, Valid: 2, Valid Percent: 66.67%, Whitelist: 0, IPv4: 3, IPv6: 0, Min Delay: 2034 ms, Max Speed: 0.53 M/s, Avg Speed: 0.48 M/s, Max Resolution: 1920x1080
Category: 电影频道, Name: 甘肃文化影视, Total: 1, Valid: 0, Valid Percent: 0.00%, Whitelist: 0, IPv4: 1, IPv6: 0, Min Delay: 5098 ms, Max Speed: 0.00 M/s, Avg Speed: 0.00 M/s, Max Resolution: None
Category: 电影频道, Name: 雪豹, Total: 1, Valid: 1, Valid Percent: 100.00%, Whitelist: 0, IPv4: 1, IPv6: 0, Min Delay: 91 ms, Max Speed: 4.87 M/s, Avg Speed: 4.87 M/s, Max Resolution: 854x480
Category: 春晚现场, Name: 春晚1984, Total: 1, Valid: 1, Valid Percent: 100.00%, Whitelist: 0, IPv4: 1, IPv6: 0, Min Delay: 505 ms, Max Speed: 39.88 M/s, Avg Speed: 39.88 M/s, Max Resolution: 768x576
Category: 春晚现场, Name: 春晚1985, Total: 1, Valid: 1, Valid Percent: 100.00%, Whitelist: 0, IPv4: 1, IPv6: 0, Min Delay: 103 ms, Max Speed: 65.88 M/s, Avg Speed: 65.88 M/s, Max Resolution: 768x576
Category: 春晚现场, Name: 春晚1987, Total: 1, Valid: 1, Valid Percent: 100.00%, Whitelist: 0, IPv4: 1, IPv6: 0, Min Delay: 380 ms, Max Speed: 3.17 M/s, Avg Speed: 3.17 M/s, Max Resolution: 640x480
Category: 春晚现场, Name: 春晚1988, Total: 1, Valid: 1, Valid Percent: 100.00%, Whitelist: 0, IPv4: 1, IPv6: 0, Min Delay: 314 ms, Max Speed: 2.24 M/s, Avg Speed: 2.24 M/s, Max Resolution: 640x480
Category: 春晚现场, Name: 春晚1989, Total: 1, Valid: 1, Valid Percent: 100.00%, Whitelist: 0, IPv4: 1, IPv6: 0, Min Delay: 240 ms, Max Speed: 68.26 M/s, Avg Speed: 68.26 M/s, Max Resolution: 640x480
Category: 春晚现场, Name: 春晚2020, Total: 1, Valid: 1, Valid Percent: 100.00%, Whitelist: 0, IPv4: 1, IPv6: 0, Min Delay: 323 ms, Max Speed: 40.84 M/s, Avg Speed: 40.84 M/s, Max Resolution: 1280x720
Category: 春晚现场, Name: 春晚2021, Total: 1, Valid: 1, Valid Percent: 100.00%, Whitelist: 0, IPv4: 1, IPv6: 0, Min Delay: 328 ms, Max Speed: 22.02 M/s, Avg Speed: 22.02 M/s, Max Resolution: 1280x720
Category: 春晚现场, Name: 春晚2022, Total: 1, Valid: 1, Valid Percent: 100.00%, Whitelist: 0, IPv4: 1, IPv6: 0, Min Delay: 329 ms, Max Speed: 47.91 M/s, Avg Speed: 47.91 M/s, Max Resolution: 1280x720
Category: 春晚现场, Name: 春晚2024, Total: 1, Valid: 1, Valid Percent: 100.00%, Whitelist: 0, IPv4: 1, IPv6: 0, Min Delay: 5816 ms, Max Speed: 2.40 M/s, Avg Speed: 2.40 M/s, Max Resolution: 1920x1080
Category: 直播中国, Name: 中央电视塔东, Total: 1, Valid: 1, Valid Percent: 100.00%, Whitelist: 0, IPv4: 1, IPv6: 0, Min Delay: 2715 ms, Max Speed: 1.14 M/s, Avg Speed: 1.14 M/s, Max Resolution: 1920x1080
Category: 直播中国, Name: 中央电视塔南, Total: 1, Valid: 1, Valid Percent: 100.00%, Whitelist: 0, IPv4: 1, IPv6: 0, Min Delay: 2583 ms, Max Speed: 1.13 M/s, Avg Speed: 1.13 M/s, Max Resolution: 1280x720
